  Identification des projets ├á restaurer...
  Tous les projets sont ├á jour pour la restauration.
  Domain -> C:\Users\ASUS\pfe\backend\Domain\bin\Debug\net10.0\Domain.dll
C:\Users\ASUS\pfe\backend\Application\Interfaces\IAppDbContext.cs(2,17): error CS0234: Le nom de type ou d'espace de noms 'EntityFrameworkCore' n'existe pas dans l'espace de noms 'Microsoft' (vous manque-t-il une r├®f├®rence d'assembly┬á?) [C:\Users\ASUS\pfe\backend\Application\Application.csproj]
C:\Users\ASUS\pfe\backend\Application\Users\Commands\UpdateUserRolesAndPermissions\UpdateUserRolesAndPermissionsCommand.cs(4,17): error CS0234: Le nom de type ou d'espace de noms 'EntityFrameworkCore' n'existe pas dans l'espace de noms 'Microsoft' (vous manque-t-il une r├®f├®rence d'assembly┬á?) [C:\Users\ASUS\pfe\backend\Application\Application.csproj]
C:\Users\ASUS\pfe\backend\Application\Interfaces\IAppDbContext.cs(8,5): error CS0246: Le nom de type ou d'espace de noms 'DbSet<>' est introuvable (vous manque-t-il une directive using ou une r├®f├®rence d'assembly┬á?) [C:\Users\ASUS\pfe\backend\Application\Application.csproj]
C:\Users\ASUS\pfe\backend\Application\Interfaces\IAppDbContext.cs(9,5): error CS0246: Le nom de type ou d'espace de noms 'DbSet<>' est introuvable (vous manque-t-il une directive using ou une r├®f├®rence d'assembly┬á?) [C:\Users\ASUS\pfe\backend\Application\Application.csproj]
C:\Users\ASUS\pfe\backend\Application\Interfaces\IAppDbContext.cs(10,5): error CS0246: Le nom de type ou d'espace de noms 'DbSet<>' est introuvable (vous manque-t-il une directive using ou une r├®f├®rence d'assembly┬á?) [C:\Users\ASUS\pfe\backend\Application\Application.csproj]
C:\Users\ASUS\pfe\backend\Application\Interfaces\IAppDbContext.cs(11,5): error CS0246: Le nom de type ou d'espace de noms 'DbSet<>' est introuvable (vous manque-t-il une directive using ou une r├®f├®rence d'assembly┬á?) [C:\Users\ASUS\pfe\backend\Application\Application.csproj]
C:\Users\ASUS\pfe\backend\Application\Interfaces\IAppDbContext.cs(12,5): error CS0246: Le nom de type ou d'espace de noms 'DbSet<>' est introuvable (vous manque-t-il une directive using ou une r├®f├®rence d'assembly┬á?) [C:\Users\ASUS\pfe\backend\Application\Application.csproj]

├ëCHEC de la build.

C:\Users\ASUS\pfe\backend\Application\Interfaces\IAppDbContext.cs(2,17): error CS0234: Le nom de type ou d'espace de noms 'EntityFrameworkCore' n'existe pas dans l'espace de noms 'Microsoft' (vous manque-t-il une r├®f├®rence d'assembly┬á?) [C:\Users\ASUS\pfe\backend\Application\Application.csproj]
C:\Users\ASUS\pfe\backend\Application\Users\Commands\UpdateUserRolesAndPermissions\UpdateUserRolesAndPermissionsCommand.cs(4,17): error CS0234: Le nom de type ou d'espace de noms 'EntityFrameworkCore' n'existe pas dans l'espace de noms 'Microsoft' (vous manque-t-il une r├®f├®rence d'assembly┬á?) [C:\Users\ASUS\pfe\backend\Application\Application.csproj]
C:\Users\ASUS\pfe\backend\Application\Interfaces\IAppDbContext.cs(8,5): error CS0246: Le nom de type ou d'espace de noms 'DbSet<>' est introuvable (vous manque-t-il une directive using ou une r├®f├®rence d'assembly┬á?) [C:\Users\ASUS\pfe\backend\Application\Application.csproj]
C:\Users\ASUS\pfe\backend\Application\Interfaces\IAppDbContext.cs(9,5): error CS0246: Le nom de type ou d'espace de noms 'DbSet<>' est introuvable (vous manque-t-il une directive using ou une r├®f├®rence d'assembly┬á?) [C:\Users\ASUS\pfe\backend\Application\Application.csproj]
C:\Users\ASUS\pfe\backend\Application\Interfaces\IAppDbContext.cs(10,5): error CS0246: Le nom de type ou d'espace de noms 'DbSet<>' est introuvable (vous manque-t-il une directive using ou une r├®f├®rence d'assembly┬á?) [C:\Users\ASUS\pfe\backend\Application\Application.csproj]
C:\Users\ASUS\pfe\backend\Application\Interfaces\IAppDbContext.cs(11,5): error CS0246: Le nom de type ou d'espace de noms 'DbSet<>' est introuvable (vous manque-t-il une directive using ou une r├®f├®rence d'assembly┬á?) [C:\Users\ASUS\pfe\backend\Application\Application.csproj]
C:\Users\ASUS\pfe\backend\Application\Interfaces\IAppDbContext.cs(12,5): error CS0246: Le nom de type ou d'espace de noms 'DbSet<>' est introuvable (vous manque-t-il une directive using ou une r├®f├®rence d'assembly┬á?) [C:\Users\ASUS\pfe\backend\Application\Application.csproj]
    0 Avertissement(s)
    7 Erreur(s)

Temps ├®coul├® 00:00:01.03
