  Identification des projets ├á restaurer...
  Tous les projets sont ├á jour pour la restauration.
  Domain -> C:\Users\ASUS\pfe\backend\Domain\bin\Debug\net10.0\Domain.dll
C:\Users\ASUS\pfe\backend\Application\Roles\Commands\UpdateRolePermissions\UpdateRolePermissionsCommand.cs(5,17): error CS0234: Le nom de type ou d'espace de noms 'EntityFrameworkCore' n'existe pas dans l'espace de noms 'Microsoft' (vous manque-t-il une r├®f├®rence d'assembly┬á?) [C:\Users\ASUS\pfe\backend\Application\Application.csproj]
C:\Users\ASUS\pfe\backend\Application\Roles\Queries\GetRoleById\GetRoleByIdQuery.cs(5,17): error CS0234: Le nom de type ou d'espace de noms 'EntityFrameworkCore' n'existe pas dans l'espace de noms 'Microsoft' (vous manque-t-il une r├®f├®rence d'assembly┬á?) [C:\Users\ASUS\pfe\backend\Application\Application.csproj]
C:\Users\ASUS\pfe\backend\Application\Roles\Queries\GetRoleById\GetRoleByIdQuery.cs(13,22): error CS0246: Le nom de type ou d'espace de noms 'Infrastructure' est introuvable (vous manque-t-il une directive using ou une r├®f├®rence d'assembly┬á?) [C:\Users\ASUS\pfe\backend\Application\Application.csproj]
C:\Users\ASUS\pfe\backend\Application\Roles\Commands\UpdateRolePermissions\UpdateRolePermissionsCommand.cs(15,22): error CS0246: Le nom de type ou d'espace de noms 'Infrastructure' est introuvable (vous manque-t-il une directive using ou une r├®f├®rence d'assembly┬á?) [C:\Users\ASUS\pfe\backend\Application\Application.csproj]
C:\Users\ASUS\pfe\backend\Application\Roles\Queries\GetRoleById\GetRoleByIdQuery.cs(15,36): error CS0246: Le nom de type ou d'espace de noms 'Infrastructure' est introuvable (vous manque-t-il une directive using ou une r├®f├®rence d'assembly┬á?) [C:\Users\ASUS\pfe\backend\Application\Application.csproj]
C:\Users\ASUS\pfe\backend\Application\Roles\Commands\UpdateRolePermissions\UpdateRolePermissionsCommand.cs(20,9): error CS0246: Le nom de type ou d'espace de noms 'Infrastructure' est introuvable (vous manque-t-il une directive using ou une r├®f├®rence d'assembly┬á?) [C:\Users\ASUS\pfe\backend\Application\Application.csproj]

├ëCHEC de la build.

C:\Users\ASUS\pfe\backend\Application\Roles\Commands\UpdateRolePermissions\UpdateRolePermissionsCommand.cs(5,17): error CS0234: Le nom de type ou d'espace de noms 'EntityFrameworkCore' n'existe pas dans l'espace de noms 'Microsoft' (vous manque-t-il une r├®f├®rence d'assembly┬á?) [C:\Users\ASUS\pfe\backend\Application\Application.csproj]
C:\Users\ASUS\pfe\backend\Application\Roles\Queries\GetRoleById\GetRoleByIdQuery.cs(5,17): error CS0234: Le nom de type ou d'espace de noms 'EntityFrameworkCore' n'existe pas dans l'espace de noms 'Microsoft' (vous manque-t-il une r├®f├®rence d'assembly┬á?) [C:\Users\ASUS\pfe\backend\Application\Application.csproj]
C:\Users\ASUS\pfe\backend\Application\Roles\Queries\GetRoleById\GetRoleByIdQuery.cs(13,22): error CS0246: Le nom de type ou d'espace de noms 'Infrastructure' est introuvable (vous manque-t-il une directive using ou une r├®f├®rence d'assembly┬á?) [C:\Users\ASUS\pfe\backend\Application\Application.csproj]
C:\Users\ASUS\pfe\backend\Application\Roles\Commands\UpdateRolePermissions\UpdateRolePermissionsCommand.cs(15,22): error CS0246: Le nom de type ou d'espace de noms 'Infrastructure' est introuvable (vous manque-t-il une directive using ou une r├®f├®rence d'assembly┬á?) [C:\Users\ASUS\pfe\backend\Application\Application.csproj]
C:\Users\ASUS\pfe\backend\Application\Roles\Queries\GetRoleById\GetRoleByIdQuery.cs(15,36): error CS0246: Le nom de type ou d'espace de noms 'Infrastructure' est introuvable (vous manque-t-il une directive using ou une r├®f├®rence d'assembly┬á?) [C:\Users\ASUS\pfe\backend\Application\Application.csproj]
C:\Users\ASUS\pfe\backend\Application\Roles\Commands\UpdateRolePermissions\UpdateRolePermissionsCommand.cs(20,9): error CS0246: Le nom de type ou d'espace de noms 'Infrastructure' est introuvable (vous manque-t-il une directive using ou une r├®f├®rence d'assembly┬á?) [C:\Users\ASUS\pfe\backend\Application\Application.csproj]
    0 Avertissement(s)
    6 Erreur(s)

Temps ├®coul├® 00:00:01.70
