  Identification des projets ├á restaurer...
  Tous les projets sont ├á jour pour la restauration.
  Domain -> C:\Users\IdeapadGaming\pfe\test_repository\backend\Domain\bin\Debug\net10.0\Domain.dll
  Application -> C:\Users\IdeapadGaming\pfe\test_repository\backend\Application\bin\Debug\net10.0\Application.dll
  Infrastructure -> C:\Users\IdeapadGaming\pfe\test_repository\backend\Infrastructure\bin\Debug\net10.0\Infrastructure.dll
  API -> C:\Users\IdeapadGaming\pfe\test_repository\backend\API\bin\Debug\net10.0\API.dll

La g├®n├®ration a r├®ussi.
    0 Avertissement(s)
    0 Erreur(s)

Temps ├®coul├® 00:00:03.01
